// Jest Snapshot v1, https://goo.gl/fbAQLP

exports[`Components | <InputGroup /> should render correctly 1`] = `
<DocumentFragment>
  <div
    class="inputgroup"
  >
    <div>
      Hello World
    </div>
  </div>
</DocumentFragment>
`;
