// Jest Snapshot v1, https://goo.gl/fbAQLP

exports[`Components | <Loading /> should render correctly 1`] = `
<DocumentFragment>
  <div
    class="loading"
  >
    <img
      alt="Loading"
      class="image"
      src="test-file-stub"
      width="100"
    />
  </div>
</DocumentFragment>
`;
