// Jest Snapshot v1, https://goo.gl/fbAQLP

exports[`Components | <Button /> should render correctly 1`] = `
<DocumentFragment>
  <button
    class="button"
    type="submit"
  >
    Click me
  </button>
</DocumentFragment>
`;
